==============================================================================
PHASE 4 — CONSTRAINED SOLVING, WITH NULLS AND POSITIVE CONTROLS
==============================================================================

[A] Positive control: encipher real 87-char English, then solve it.
    If the solver cannot recover known plaintext at this length, no result on
    Dorabella can be interpreted at all.
    true : OWHOCONSTRUCTIONEASTMEETJOININGSPECIALPATHSTHEINWORDTHEMSELVESAWILLSANDTHESIXTHOFTHATLE
    got  : OWHOCONSTRUCTIONEASTMEETJOININGSPECIALPATHSTHEINWORDTHEMSELVESAWILLSANDTHESIXTHOFTHATLE   char-accuracy=1.00  score/gram=-4.070
    true : EARTOOPENADESIGNMAINTHISALWAYSWHOSEUPSEMITICLEADOFFNAMESIDEWHATSHASNTINTOWOULDNTTHEGOOD
    got  : EAMTOOPENADESIGNRAINTHISALWAYSWHOSEUPSERITICLEADOFFNARESIDEWHATSHASNTINTOWOULDNTTHEGOOD   char-accuracy=0.95  score/gram=-4.185
    true : FORASTHEMONEYOFINDIASTRAGICALLYHAPPENSTHETAKEOFEGYPTTENSIONNUCLEARCARSONLETOFALTHOUGHAC
    got  : FORASTHEMONEYOFINDIASTRAGICALLYHAPPENSTHETAKEOFEGYPTTENSIONNUCLEARCARSONLETOFALTHOUGHAC   char-accuracy=1.00  score/gram=-4.221
    true : BEENSHOULDISSHERUNWIFEPOLITICALAHISANDSTEALTHJOURNALISTSFORANYKILLEDOWNYOUCONTENTDAYHAD
    got  : VEENSHOULDISSHERUNWIFEPOLITICALAHISANDSTEALTHBOURNALISTSFORANYMILLEDOWNYOUCONTENTDAYHAD   char-accuracy=0.97  score/gram=-4.259
    true : EDIDNTAANYONEFORTHELIGHTSOFYOUAPRODUCTTOPEOPLEWHATWELLADDEDGIVEAAUTOMATICSUBTRACTIONWIT
    got  : EDIDNTAANYONEFORTHELIGHTSOFYOUAPRODUCTTOPEOPLEWHATWELLADDEDGIVEAAUTOMATICSUBTRACTIONWIT   char-accuracy=1.00  score/gram=-4.194
    -> recovery accuracy over 12 trials: mean=0.98 median=0.99 max=1.00  (fraction >90% correct: 1.00)

[B] Null distribution: best score the solver reaches on meaningless 87-symbol texts.
    shuffled_dorabella   mean=-4.939 sd=0.078 95th=-4.823 max=-4.746
    uniform_random       mean=-5.119 sd=0.122 95th=-4.941 max=-4.775
    real English (n=87)  mean=-4.234 sd=0.137 5th=-4.463

[C] Dorabella: best solver score per transcription variant, vs the nulls.
    variant              fwd     rev  pctile(null)  best plaintext (fwd)
    T0_canonical      -4.714  -4.756          1.00  PFRADOIALPHNITSMSSOFFSTIWITHEISIODALBARSSSOTWISHSONECTILLWHEREONERTNUTERSONCETAFTEMATWA
    T1_L_alt1         -4.706  -4.679          1.00  ULENDEINOUTSIASKSSELLSAIDIATHISIEDNOWNESSCEAIISTSECRIAGOOITRERECREACHARESECORANLARKNADN
    T2_L_alt2         -4.799  -4.796          0.97  CHCRATSRECLUSEOFOOTHHOESSSELLSOSTAREMRCOONTEASOLOTYIVEEAAALICITYINEYBEINOTYPIERHEIFRESR
    T3_LM_alt1        -4.706  -4.725          1.00  GHTALTNANDRYIMOROOTHCOMILIERSIONTIANCATOOOFMUNOROTOSUMINNURSTSTOSTMOSESTOTOUSEAHESKAELA
    T4_random1        -4.866  -4.910          0.90  GHTRUTCROMPLYELDLITHHLOSUSEPASISTUREFRGILLTOSSIDITINCEYOCUPAGATIATEINENTITICNERHEADRESR
    T5_random2        -4.795  -4.677          0.97  YMURBITREYOFTEAONAIMMACTBLEOSTATILREGRUNANIELDNONINSTEEDBTOSISINSUENHESIAINTHERMESPREBR

                     reversed readings:
    T0_canonical                                    ANTAYOTHATOFRESCOTGRTCOREOCOUNDDITFORESUSINTESSSCALDAMEISIOUTINITSHHESSYSTIRUPDAIEMACHP
    T1_L_alt1                                       UPEUNTELUETOISASTEDIESTISTSTHROOVERTISAHARRESIAASUCOUPSRARDHERPREALLSAANAERAHYOURSPUSLY
    T2_L_alt2                                       RNORMTOPROTCHEALTOWHOLTHETITSDDDOOFTHEASANDOELAAIRYORDENANSSONNNOAPPEAAMAONUSIORNEDRIPI
    T3_LM_alt1                                      IFLIVELHILEDATATELEARTEATETENDSSORDEATANASDRYAAATICSIOTSAOENLOFORACHTAANAROUNGSISTFITHW
    T4_random1                                      NWANDHASNARGETETRAREATHETHUHYOGICAGRETEDEWWITLLEUNFANOTWEWHYAWOWILSSTELDLACLYMINGTONTSU
    T5_random2                                      RDERUNEMREPATISINEPTEONTININHADBEEANTITHTBLEITSTORGERLIASANHELDAYSMMISTHSEACHWERAIDROMW

[D] Rows solved independently, and row orders permuted (T0).
    row1 (n=29): score/gram=-4.045  HTINGSANDHOWAREFEESTTERALAROU
    row2 (n=31): score/gram=-4.292  NANTHESMEDAAATIONALATCURINSSOLU
    row3 (n=27): score/gram=-3.799  TSINSTANDASTHINGSAREASURALR
    best row order (0, 1, 2): score/gram=-4.735  CFRANOIALCHMITSDSSOFFSTIWITHEISIONALBARSSSOTWISHSOMEPTILLWHEREOMERTMYTERSOMPETAFTEDATWA

[E] Crib-seeded solving: is any plausible crib placeable?
    DORA       pattern-compatible positions: 57  e.g. [0, 1, 2, 3, 4, 5, 6, 7]
    PENNY      pattern-compatible positions: 1  e.g. [53]
    MISS       pattern-compatible positions: 3  e.g. [17, 37, 53]
    MALVERN    pattern-compatible positions: 16  e.g. [0, 4, 5, 7, 8, 9, 30, 47]
    SYMPATHY   pattern-compatible positions: 2  e.g. [5, 69]
    JULY       pattern-compatible positions: 57  e.g. [0, 1, 2, 3, 4, 5, 6, 7]
    ELGAR      pattern-compatible positions: 41  e.g. [0, 1, 2, 4, 5, 6, 7, 8]
    DORABELLA  pattern-compatible positions: 0
    WORCESTER  pattern-compatible positions: 0
