==============================================================================
EXPERIMENT 1 FOLLOW-UP — PHONETIC DOSE CURVE  (declared post-hoc)
==============================================================================

  P1 showed full respelling costs 1.395/gram, 314% of the 0.444 deficit. So
  the pre-registered P4 tested the wrong dose. This finds the dose that would
  fit, the way section 7.4 did for coined vocabulary -- and then asks whether
  the consensus is actually recoverable at that dose.

   dose   control  recov  consensus  z vs band  null(shuf)  vs null
   0.00    -4.245   0.98     -4.682      -3.52      -5.024    +4.49
   0.15    -4.298   0.95     -4.717      -3.42      -4.979    +3.32
   0.30    -4.335   0.94     -4.741      -2.33      -4.962    +3.02
   0.50    -4.308   0.94     -4.711      -3.18      -5.004    +3.27
   0.75    -4.280   0.94     -4.738      -4.12      -5.035    +3.91
   1.00    -4.214   0.96     -4.916      -4.91      -5.127    +2.26

  'control'  = enciphered known plaintext at that dose, solved under that
               dose's own model (the section 4.1 band, recomputed per dose)
  'z vs band'= how far the consensus falls below that band, in its sd units.
               The section 4.2 figure to beat is -2.88.
  'vs null'  = consensus against shuffled consensus under the same model,
               which is the check that a looser model has not simply flattered
               everything.

  best dose = 0.30 at z = -2.33   (standard-orthography baseline: -3.52)
