==============================================================================
TRANS+MASC SWEEP (Schooling No. 46, Pack of Cards)
==============================================================================

family size: 21 permutations; budget 8x9000 everywhere

rank          permutation  score/gram   plaintext
   1              reverse      -4.759   AINATORFAROCUTEDORGUNDOUTODOMILLINCOUTEMESCRTDEEDAPLAITSESOMRIBINEFFTEEVENCEMBLASTHADFJ
   2        row_order_312      -4.819   ROABORNBYFOREABUOFIPFOAINTIMPRICALISWHEUNEVEEAPPENTWTFHOLELATISDIREERAFULEHEABOUNTSSTHO
   3             identity      -4.838   WLNOPTSOFGREYDEMEETLLEDIGIBRASESTIOFCONEENTBYSERETHAYDIFFIRANATHANDHUBANETHYABOLBATODIO  <- identity
   4   rows_reversed_each      -4.841   IMSUBUNELLTEEVENCEMBFORTHODLYIMUFFUNCIATEMERCSTDEEDOWFOUTREROUNOTISLOSICATEDISPANDIATID
   5        row_order_231      -4.849   LELSIONCOREERSTYLEHESBAYDINNIHARASBARDBUTARESBYATOPTASODIOFPROMSLONGHEYDEVEESPPEDIGITHA
   6             col4_rev      -4.948   NNEGYISFLERSALADDOBYNOFSETHRENOTEDISTHADNTNYTWHEEIFINOFTHIAORTRAIMULBEYWATCEBEBLOAKEARH
   7          row_boustro      -4.951   YDTOWNCOMPLEASEHEENDDESUPURLIILUMMUSAIGNELECARNTEETOFMOUNCECTINGITSGBRITENGAIRODRINOSUO
   8                 col6      -4.987   QDMSYOFSONTBOLBULBUNDLISREASUNTROUISTMARSPAILLYJOHNODENAIMEWHOBELOOMHEEESSOONDRTHBETTIL
   9                 col4      -5.008   BUGDEYWITPEDEDGOICEIRHYTWHEEAFASOFTHAIORTRIAOFLETHRESOTENALTHINSTSSSEMYALFGERLIGINNODYS
  10             col8_rev      -5.067   PXTMAILDHRMANAHATEOPPENAMPMNOFFTYSROUSSHWONPARILFOODSPHIEFPEDINDERCATTHETHEOBLACEAALOAF

identity: -4.838    best-of-family: -4.759 (reverse)

null: identical best-of-21 procedure on shuffled text (10 reps)
  rep  1: -4.976
  rep  2: -4.830
  rep  3: -4.940
  rep  4: -4.824
  rep  5: -4.883
  rep  6: -4.949
  rep  7: -4.913
  rep  8: -4.940
  rep  9: -4.953
  rep 10: -4.938

  null mean=-4.915 sd=0.050 max=-4.824
  observed=-4.759  z=+3.13  p=0.000

  Reference: enciphered real English at n=87 ~ -4.20/gram.
